Found 25 candidates:
  func Errorf(format string, a ...interface{}) os.Error
  func Fprint(w io.Writer, a ...interface{}) (n int, err os.Error)
  func Fprintf(w io.Writer, format string, a ...interface{}) (n int, err os.Error)
  func Fprintln(w io.Writer, a ...interface{}) (n int, err os.Error)
  func Fscan(r io.Reader, a ...interface{}) (n int, err os.Error)
  func Fscanf(r io.Reader, format string, a ...interface{}) (n int, err os.Error)
  func Fscanln(r io.Reader, a ...interface{}) (n int, err os.Error)
  func Print(a ...interface{}) (n int, err os.Error)
  func Printf(format string, a ...interface{}) (n int, err os.Error)
  func Println(a ...interface{}) (n int, err os.Error)
  func Scan(a ...interface{}) (n int, err os.Error)
  func Scanf(format string, a ...interface{}) (n int, err os.Error)
  func Scanln(a ...interface{}) (n int, err os.Error)
  func Sprint(a ...interface{}) string
  func Sprintf(format string, a ...interface{}) string
  func Sprintln(a ...interface{}) string
  func Sscan(str string, a ...interface{}) (n int, err os.Error)
  func Sscanf(str string, format string, a ...interface{}) (n int, err os.Error)
  func Sscanln(str string, a ...interface{}) (n int, err os.Error)
  type Formatter interface
  type GoStringer interface
  type ScanState interface
  type Scanner interface
  type State interface
  type Stringer interface
